◇ injected env (12) from .env // tip: ⌘ custom filepath { path: '/custom/path/.env' }
[2026-09-05 17:01:43.298 +0530] [32mINFO[39m: [36mAegisCart API listening on port 4000[39m
    [35mservice[39m: "aegiscart"
    [35mversion[39m: "1.0.0"
[0iysnlztig3hivd610iffj] GET /health - IP: ::1
[0iysnlztig3hivd610iffj] GET / - 200 - 251ms
[0iysnlztig3hivd610iffj] GET / - Client Disconnected - 283ms
[9p1ok98sgei2mavphmhxq] GET / - IP: ::1
[9p1ok98sgei2mavphmhxq] GET / - 200 - 95ms
[9p1ok98sgei2mavphmhxq] GET / - Client Disconnected - 240ms
[mjnvwr52xuqdrlzarhkx8d] GET /styles.css - IP: ::1
[pb06qbxc2xt0ki3kbgci] GET /favicon.svg - IP: ::1
[mjnvwr52xuqdrlzarhkx8d] GET /styles.css - 304 - 81ms
[mjnvwr52xuqdrlzarhkx8d] GET /styles.css - Client Disconnected - 117ms
[pb06qbxc2xt0ki3kbgci] GET /favicon.svg - 304 - 81ms
[pb06qbxc2xt0ki3kbgci] GET /favicon.svg - Client Disconnected - 82ms
[gxjjl9hhhsmvtas6ki7ps] GET /app.js - IP: ::1
[h7rjpbsj4dwy3jm7xemn09] GET /styles.legacy.bak.css - IP: ::1
[gxjjl9hhhsmvtas6ki7ps] GET /app.js - 304 - 8ms
[gxjjl9hhhsmvtas6ki7ps] GET /app.js - Client Disconnected - 10ms
[h7rjpbsj4dwy3jm7xemn09] GET /styles.legacy.bak.css - 404 - 12ms
[h7rjpbsj4dwy3jm7xemn09] GET /styles.legacy.bak.css - Client Disconnected - 13ms
[hg7c1xtthnhma2tu09lx6] GET /health - IP: ::1
[hg7c1xtthnhma2tu09lx6] GET / - 200 - 4ms
[hg7c1xtthnhma2tu09lx6] GET / - Client Disconnected - 29ms
